Text,Num,DateTime,Time,Date,BoolTrue,BoolFalse,Duration,Error,Zip
4E2,400,2003-01-02 07:08:09,20:09:10,2005-03-04,1,0,123:04:05,#NAME?,01234
4E2,400,2003-01-03 07:08:08,20:09:10,2005-03-04,1,0,123:04:05,#NAME?,01234
