Text,Num,DateTime,Time,Date,BoolTrue,BoolFalse,Duration,Error,Zip
4E2,400,2003-01-02 07:08:09,0.8396990740740741,38415,true,false,5.127835648148148,,01234
4E2,400,2003-01-03 07:08:08,0.8396990740740741,38415,true,false,5.127835648148148,,01234
