Text,Num,DateTime,Time,Date,BoolTrue,BoolFalse,Duration,Error,Zip
4E2,400,37623.297326388885,0.8396990740740741,2005-03-04,true,false,5.127835648148148,,01234
4E2,400,37624.29732633102,0.8396990740740741,2005-03-04,true,false,5.127835648148148,,01234
