Text,Num,DateTime,Time,Date,BoolTrue,BoolFalse,Duration,Error,Zip
4E2,400,01/02/2003 07:08:09 AM,0.8396990740740741,38415,true,false,5.127835648148148,,01234
4E2,400,01/03/2003 07:08:08 AM,0.8396990740740741,38415,true,false,5.127835648148148,,01234
