Text,Num,DateTime,Time,Date,BoolTrue,BoolFalse,Duration,Error,Zip
4E2,400,37623.297326388885,0.8396990740740741,38415,true,false,123:04:05,,01234
4E2,400,37624.29732633102,0.8396990740740741,38415,true,false,123:04:05,,01234
